// Vitest Snapshot v1, https://vitest.dev/guide/snapshot.html

exports[`Button > Variant destructive renders > count 1`] = `"<button type=\\"button\\" class=\\"relative flex w-fit items-center justify-center gap-2 rounded-lg disabled:opacity-50 disabled:cursor-not-allowed border-2 border-box transition-colors transition-shadow focus-visible:outline-none border-red-700 bg-red-700 text-white [&amp;:not(:disabled):hover]:shadow-focus [&amp;:not(:disabled):hover]:shadow-red-200/50 [&amp;:not(:disabled):hover]:border-white focus-visible:border-white focus-visible:shadow-focus focus-visible:shadow-red-200/50 h-10 text-base px-4 py-2\\">   <div class=\\"count flex w-fit flex-row items-center justify-center break-all rounded-sm p-1 text-sm font-medium leading-4 transition-colors badge absolute right-0 top-0 origin-bottom-left translate-x-[10px] translate-y-[-10px] svelte-1pjaan9\\">10</div></button>"`;

exports[`Button > Variant destructive renders > disabled 1`] = `"<button disabled=\\"\\" type=\\"button\\" class=\\"relative flex w-fit items-center justify-center gap-2 rounded-lg disabled:opacity-50 disabled:cursor-not-allowed border-2 border-box transition-colors transition-shadow focus-visible:outline-none border-red-700 bg-red-700 text-white [&amp;:not(:disabled):hover]:shadow-focus [&amp;:not(:disabled):hover]:shadow-red-200/50 [&amp;:not(:disabled):hover]:border-white focus-visible:border-white focus-visible:shadow-focus focus-visible:shadow-red-200/50 h-10 text-base px-4 py-2\\">   </button>"`;

exports[`Button > Variant destructive renders > leading icon 1`] = `"<button type=\\"button\\" class=\\"relative flex w-fit items-center justify-center gap-2 rounded-lg disabled:opacity-50 disabled:cursor-not-allowed border-2 border-box transition-colors transition-shadow focus-visible:outline-none border-red-700 bg-red-700 text-white [&amp;:not(:disabled):hover]:shadow-focus [&amp;:not(:disabled):hover]:shadow-red-200/50 [&amp;:not(:disabled):hover]:border-white focus-visible:border-white focus-visible:shadow-focus focus-visible:shadow-red-200/50 h-10 text-base px-4 py-2\\"><span><div></div></span>   </button>"`;

exports[`Button > Variant destructive renders > lg 1`] = `"<button type=\\"button\\" class=\\"relative flex w-fit items-center justify-center gap-2 rounded-lg disabled:opacity-50 disabled:cursor-not-allowed border-2 border-box transition-colors transition-shadow focus-visible:outline-none border-red-700 bg-red-700 text-white [&amp;:not(:disabled):hover]:shadow-focus [&amp;:not(:disabled):hover]:shadow-red-200/50 [&amp;:not(:disabled):hover]:border-white focus-visible:border-white focus-visible:shadow-focus focus-visible:shadow-red-200/50 h-11 text-lg px-5 py-2.5\\">   </button>"`;

exports[`Button > Variant destructive renders > loading 1`] = `"<button type=\\"button\\" class=\\"relative flex w-fit items-center justify-center gap-2 rounded-lg disabled:opacity-50 disabled:cursor-not-allowed border-2 border-box transition-colors transition-shadow focus-visible:outline-none border-red-700 bg-red-700 text-white [&amp;:not(:disabled):hover]:shadow-focus [&amp;:not(:disabled):hover]:shadow-red-200/50 [&amp;:not(:disabled):hover]:border-white focus-visible:border-white focus-visible:shadow-focus focus-visible:shadow-red-200/50 h-10 text-base px-4 py-2\\"><span class=\\"animate-spin\\"><div></div></span>   </button>"`;

exports[`Button > Variant destructive renders > md 1`] = `"<button type=\\"button\\" class=\\"relative flex w-fit items-center justify-center gap-2 rounded-lg disabled:opacity-50 disabled:cursor-not-allowed border-2 border-box transition-colors transition-shadow focus-visible:outline-none border-red-700 bg-red-700 text-white [&amp;:not(:disabled):hover]:shadow-focus [&amp;:not(:disabled):hover]:shadow-red-200/50 [&amp;:not(:disabled):hover]:border-white focus-visible:border-white focus-visible:shadow-focus focus-visible:shadow-red-200/50 h-10 text-base px-4 py-2\\">   </button>"`;

exports[`Button > Variant destructive renders > sm 1`] = `"<button type=\\"button\\" class=\\"relative flex w-fit items-center justify-center gap-2 rounded-lg disabled:opacity-50 disabled:cursor-not-allowed border-2 border-box transition-colors transition-shadow focus-visible:outline-none border-red-700 bg-red-700 text-white [&amp;:not(:disabled):hover]:shadow-focus [&amp;:not(:disabled):hover]:shadow-red-200/50 [&amp;:not(:disabled):hover]:border-white focus-visible:border-white focus-visible:shadow-focus focus-visible:shadow-red-200/50 h-9 text-sm px-4 py-1.5\\">   </button>"`;

exports[`Button > Variant destructive renders > trailing icon 1`] = `"<button type=\\"button\\" class=\\"relative flex w-fit items-center justify-center gap-2 rounded-lg disabled:opacity-50 disabled:cursor-not-allowed border-2 border-box transition-colors transition-shadow focus-visible:outline-none border-red-700 bg-red-700 text-white [&amp;:not(:disabled):hover]:shadow-focus [&amp;:not(:disabled):hover]:shadow-red-200/50 [&amp;:not(:disabled):hover]:border-white focus-visible:border-white focus-visible:shadow-focus focus-visible:shadow-red-200/50 h-10 text-base px-4 py-2\\">  <span><div></div></span> </button>"`;

exports[`Button > Variant destructive renders > xs 1`] = `"<button type=\\"button\\" class=\\"relative flex w-fit items-center justify-center gap-2 rounded-lg disabled:opacity-50 disabled:cursor-not-allowed border-2 border-box transition-colors transition-shadow focus-visible:outline-none border-red-700 bg-red-700 text-white [&amp;:not(:disabled):hover]:shadow-focus [&amp;:not(:disabled):hover]:shadow-red-200/50 [&amp;:not(:disabled):hover]:border-white focus-visible:border-white focus-visible:shadow-focus focus-visible:shadow-red-200/50 h-8 text-xs px-2 py-1\\">   </button>"`;

exports[`Button > Variant ghost renders > count 1`] = `"<button type=\\"button\\" class=\\"relative flex w-fit items-center justify-center gap-2 rounded-lg disabled:opacity-50 disabled:cursor-not-allowed border-2 border-box transition-colors transition-shadow focus-visible:outline-none border-[transparent] bg-[transparent] text-slate-600 [&amp;:not(:disabled):hover]:shadow-focus [&amp;:not(:disabled):hover]:shadow-blue-600/50 [&amp;:not(:disabled):hover]:bg-indigo-100 [&amp;:not(:disabled):hover]:border-indigo-600 focus-visible:shadow-focus focus-visible:shadow-blue-600/50 focus-visible:bg-indigo-100 focus-visible:border-indigo-600 h-10 text-base px-4 py-2\\">   <div class=\\"count flex w-fit flex-row items-center justify-center break-all rounded-sm p-1 text-sm font-medium leading-4 transition-colors badge absolute right-0 top-0 origin-bottom-left translate-x-[10px] translate-y-[-10px] svelte-1pjaan9\\">10</div></button>"`;

exports[`Button > Variant ghost renders > disabled 1`] = `"<button disabled=\\"\\" type=\\"button\\" class=\\"relative flex w-fit items-center justify-center gap-2 rounded-lg disabled:opacity-50 disabled:cursor-not-allowed border-2 border-box transition-colors transition-shadow focus-visible:outline-none border-[transparent] bg-[transparent] text-slate-600 [&amp;:not(:disabled):hover]:shadow-focus [&amp;:not(:disabled):hover]:shadow-blue-600/50 [&amp;:not(:disabled):hover]:bg-indigo-100 [&amp;:not(:disabled):hover]:border-indigo-600 focus-visible:shadow-focus focus-visible:shadow-blue-600/50 focus-visible:bg-indigo-100 focus-visible:border-indigo-600 h-10 text-base px-4 py-2\\">   </button>"`;

exports[`Button > Variant ghost renders > leading icon 1`] = `"<button type=\\"button\\" class=\\"relative flex w-fit items-center justify-center gap-2 rounded-lg disabled:opacity-50 disabled:cursor-not-allowed border-2 border-box transition-colors transition-shadow focus-visible:outline-none border-[transparent] bg-[transparent] text-slate-600 [&amp;:not(:disabled):hover]:shadow-focus [&amp;:not(:disabled):hover]:shadow-blue-600/50 [&amp;:not(:disabled):hover]:bg-indigo-100 [&amp;:not(:disabled):hover]:border-indigo-600 focus-visible:shadow-focus focus-visible:shadow-blue-600/50 focus-visible:bg-indigo-100 focus-visible:border-indigo-600 h-10 text-base px-4 py-2\\"><span><div></div></span>   </button>"`;

exports[`Button > Variant ghost renders > lg 1`] = `"<button type=\\"button\\" class=\\"relative flex w-fit items-center justify-center gap-2 rounded-lg disabled:opacity-50 disabled:cursor-not-allowed border-2 border-box transition-colors transition-shadow focus-visible:outline-none border-[transparent] bg-[transparent] text-slate-600 [&amp;:not(:disabled):hover]:shadow-focus [&amp;:not(:disabled):hover]:shadow-blue-600/50 [&amp;:not(:disabled):hover]:bg-indigo-100 [&amp;:not(:disabled):hover]:border-indigo-600 focus-visible:shadow-focus focus-visible:shadow-blue-600/50 focus-visible:bg-indigo-100 focus-visible:border-indigo-600 h-11 text-lg px-5 py-2.5\\">   </button>"`;

exports[`Button > Variant ghost renders > loading 1`] = `"<button type=\\"button\\" class=\\"relative flex w-fit items-center justify-center gap-2 rounded-lg disabled:opacity-50 disabled:cursor-not-allowed border-2 border-box transition-colors transition-shadow focus-visible:outline-none border-[transparent] bg-[transparent] text-slate-600 [&amp;:not(:disabled):hover]:shadow-focus [&amp;:not(:disabled):hover]:shadow-blue-600/50 [&amp;:not(:disabled):hover]:bg-indigo-100 [&amp;:not(:disabled):hover]:border-indigo-600 focus-visible:shadow-focus focus-visible:shadow-blue-600/50 focus-visible:bg-indigo-100 focus-visible:border-indigo-600 h-10 text-base px-4 py-2\\"><span class=\\"animate-spin\\"><div></div></span>   </button>"`;

exports[`Button > Variant ghost renders > md 1`] = `"<button type=\\"button\\" class=\\"relative flex w-fit items-center justify-center gap-2 rounded-lg disabled:opacity-50 disabled:cursor-not-allowed border-2 border-box transition-colors transition-shadow focus-visible:outline-none border-[transparent] bg-[transparent] text-slate-600 [&amp;:not(:disabled):hover]:shadow-focus [&amp;:not(:disabled):hover]:shadow-blue-600/50 [&amp;:not(:disabled):hover]:bg-indigo-100 [&amp;:not(:disabled):hover]:border-indigo-600 focus-visible:shadow-focus focus-visible:shadow-blue-600/50 focus-visible:bg-indigo-100 focus-visible:border-indigo-600 h-10 text-base px-4 py-2\\">   </button>"`;

exports[`Button > Variant ghost renders > sm 1`] = `"<button type=\\"button\\" class=\\"relative flex w-fit items-center justify-center gap-2 rounded-lg disabled:opacity-50 disabled:cursor-not-allowed border-2 border-box transition-colors transition-shadow focus-visible:outline-none border-[transparent] bg-[transparent] text-slate-600 [&amp;:not(:disabled):hover]:shadow-focus [&amp;:not(:disabled):hover]:shadow-blue-600/50 [&amp;:not(:disabled):hover]:bg-indigo-100 [&amp;:not(:disabled):hover]:border-indigo-600 focus-visible:shadow-focus focus-visible:shadow-blue-600/50 focus-visible:bg-indigo-100 focus-visible:border-indigo-600 h-9 text-sm px-4 py-1.5\\">   </button>"`;

exports[`Button > Variant ghost renders > trailing icon 1`] = `"<button type=\\"button\\" class=\\"relative flex w-fit items-center justify-center gap-2 rounded-lg disabled:opacity-50 disabled:cursor-not-allowed border-2 border-box transition-colors transition-shadow focus-visible:outline-none border-[transparent] bg-[transparent] text-slate-600 [&amp;:not(:disabled):hover]:shadow-focus [&amp;:not(:disabled):hover]:shadow-blue-600/50 [&amp;:not(:disabled):hover]:bg-indigo-100 [&amp;:not(:disabled):hover]:border-indigo-600 focus-visible:shadow-focus focus-visible:shadow-blue-600/50 focus-visible:bg-indigo-100 focus-visible:border-indigo-600 h-10 text-base px-4 py-2\\">  <span><div></div></span> </button>"`;

exports[`Button > Variant ghost renders > xs 1`] = `"<button type=\\"button\\" class=\\"relative flex w-fit items-center justify-center gap-2 rounded-lg disabled:opacity-50 disabled:cursor-not-allowed border-2 border-box transition-colors transition-shadow focus-visible:outline-none border-[transparent] bg-[transparent] text-slate-600 [&amp;:not(:disabled):hover]:shadow-focus [&amp;:not(:disabled):hover]:shadow-blue-600/50 [&amp;:not(:disabled):hover]:bg-indigo-100 [&amp;:not(:disabled):hover]:border-indigo-600 focus-visible:shadow-focus focus-visible:shadow-blue-600/50 focus-visible:bg-indigo-100 focus-visible:border-indigo-600 h-8 text-xs px-2 py-1\\">   </button>"`;

exports[`Button > Variant primary renders > count 1`] = `"<button type=\\"button\\" class=\\"relative flex w-fit items-center justify-center gap-2 rounded-lg disabled:opacity-50 disabled:cursor-not-allowed border-2 border-box transition-colors transition-shadow focus-visible:outline-none bg-inverse bg-gradient-to-br text-white [&amp;:not(:disabled):hover]:shadow-focus [&amp;:not(:disabled):hover]:shadow-blue-600/50 [&amp;:not(:disabled):hover]:from-blue-100 [&amp;:not(:disabled):hover]:to-purple-100 [&amp;:not(:disabled):hover]:text-primary [&amp;:not(:disabled):hover]:border-indigo-600 focus-visible:shadow-focus focus-visible:shadow-blue-600/50 focus-visible:from-blue-100 focus-visible:to-purple-100 focus-visible:text-primary focus-visible:border-indigo-600 h-10 text-base px-4 py-2\\">   <div class=\\"count flex w-fit flex-row items-center justify-center break-all rounded-sm p-1 text-sm font-medium leading-4 transition-colors badge absolute right-0 top-0 origin-bottom-left translate-x-[10px] translate-y-[-10px] svelte-1pjaan9\\">10</div></button>"`;

exports[`Button > Variant primary renders > disabled 1`] = `"<button disabled=\\"\\" type=\\"button\\" class=\\"relative flex w-fit items-center justify-center gap-2 rounded-lg disabled:opacity-50 disabled:cursor-not-allowed border-2 border-box transition-colors transition-shadow focus-visible:outline-none bg-inverse bg-gradient-to-br text-white [&amp;:not(:disabled):hover]:shadow-focus [&amp;:not(:disabled):hover]:shadow-blue-600/50 [&amp;:not(:disabled):hover]:from-blue-100 [&amp;:not(:disabled):hover]:to-purple-100 [&amp;:not(:disabled):hover]:text-primary [&amp;:not(:disabled):hover]:border-indigo-600 focus-visible:shadow-focus focus-visible:shadow-blue-600/50 focus-visible:from-blue-100 focus-visible:to-purple-100 focus-visible:text-primary focus-visible:border-indigo-600 h-10 text-base px-4 py-2\\">   </button>"`;

exports[`Button > Variant primary renders > leading icon 1`] = `"<button type=\\"button\\" class=\\"relative flex w-fit items-center justify-center gap-2 rounded-lg disabled:opacity-50 disabled:cursor-not-allowed border-2 border-box transition-colors transition-shadow focus-visible:outline-none bg-inverse bg-gradient-to-br text-white [&amp;:not(:disabled):hover]:shadow-focus [&amp;:not(:disabled):hover]:shadow-blue-600/50 [&amp;:not(:disabled):hover]:from-blue-100 [&amp;:not(:disabled):hover]:to-purple-100 [&amp;:not(:disabled):hover]:text-primary [&amp;:not(:disabled):hover]:border-indigo-600 focus-visible:shadow-focus focus-visible:shadow-blue-600/50 focus-visible:from-blue-100 focus-visible:to-purple-100 focus-visible:text-primary focus-visible:border-indigo-600 h-10 text-base px-4 py-2\\"><span><div></div></span>   </button>"`;

exports[`Button > Variant primary renders > lg 1`] = `"<button type=\\"button\\" class=\\"relative flex w-fit items-center justify-center gap-2 rounded-lg disabled:opacity-50 disabled:cursor-not-allowed border-2 border-box transition-colors transition-shadow focus-visible:outline-none bg-inverse bg-gradient-to-br text-white [&amp;:not(:disabled):hover]:shadow-focus [&amp;:not(:disabled):hover]:shadow-blue-600/50 [&amp;:not(:disabled):hover]:from-blue-100 [&amp;:not(:disabled):hover]:to-purple-100 [&amp;:not(:disabled):hover]:text-primary [&amp;:not(:disabled):hover]:border-indigo-600 focus-visible:shadow-focus focus-visible:shadow-blue-600/50 focus-visible:from-blue-100 focus-visible:to-purple-100 focus-visible:text-primary focus-visible:border-indigo-600 h-11 text-lg px-5 py-2.5\\">   </button>"`;

exports[`Button > Variant primary renders > loading 1`] = `"<button type=\\"button\\" class=\\"relative flex w-fit items-center justify-center gap-2 rounded-lg disabled:opacity-50 disabled:cursor-not-allowed border-2 border-box transition-colors transition-shadow focus-visible:outline-none bg-inverse bg-gradient-to-br text-white [&amp;:not(:disabled):hover]:shadow-focus [&amp;:not(:disabled):hover]:shadow-blue-600/50 [&amp;:not(:disabled):hover]:from-blue-100 [&amp;:not(:disabled):hover]:to-purple-100 [&amp;:not(:disabled):hover]:text-primary [&amp;:not(:disabled):hover]:border-indigo-600 focus-visible:shadow-focus focus-visible:shadow-blue-600/50 focus-visible:from-blue-100 focus-visible:to-purple-100 focus-visible:text-primary focus-visible:border-indigo-600 h-10 text-base px-4 py-2\\"><span class=\\"animate-spin\\"><div></div></span>   </button>"`;

exports[`Button > Variant primary renders > md 1`] = `"<button type=\\"button\\" class=\\"relative flex w-fit items-center justify-center gap-2 rounded-lg disabled:opacity-50 disabled:cursor-not-allowed border-2 border-box transition-colors transition-shadow focus-visible:outline-none bg-inverse bg-gradient-to-br text-white [&amp;:not(:disabled):hover]:shadow-focus [&amp;:not(:disabled):hover]:shadow-blue-600/50 [&amp;:not(:disabled):hover]:from-blue-100 [&amp;:not(:disabled):hover]:to-purple-100 [&amp;:not(:disabled):hover]:text-primary [&amp;:not(:disabled):hover]:border-indigo-600 focus-visible:shadow-focus focus-visible:shadow-blue-600/50 focus-visible:from-blue-100 focus-visible:to-purple-100 focus-visible:text-primary focus-visible:border-indigo-600 h-10 text-base px-4 py-2\\">   </button>"`;

exports[`Button > Variant primary renders > sm 1`] = `"<button type=\\"button\\" class=\\"relative flex w-fit items-center justify-center gap-2 rounded-lg disabled:opacity-50 disabled:cursor-not-allowed border-2 border-box transition-colors transition-shadow focus-visible:outline-none bg-inverse bg-gradient-to-br text-white [&amp;:not(:disabled):hover]:shadow-focus [&amp;:not(:disabled):hover]:shadow-blue-600/50 [&amp;:not(:disabled):hover]:from-blue-100 [&amp;:not(:disabled):hover]:to-purple-100 [&amp;:not(:disabled):hover]:text-primary [&amp;:not(:disabled):hover]:border-indigo-600 focus-visible:shadow-focus focus-visible:shadow-blue-600/50 focus-visible:from-blue-100 focus-visible:to-purple-100 focus-visible:text-primary focus-visible:border-indigo-600 h-9 text-sm px-4 py-1.5\\">   </button>"`;

exports[`Button > Variant primary renders > trailing icon 1`] = `"<button type=\\"button\\" class=\\"relative flex w-fit items-center justify-center gap-2 rounded-lg disabled:opacity-50 disabled:cursor-not-allowed border-2 border-box transition-colors transition-shadow focus-visible:outline-none bg-inverse bg-gradient-to-br text-white [&amp;:not(:disabled):hover]:shadow-focus [&amp;:not(:disabled):hover]:shadow-blue-600/50 [&amp;:not(:disabled):hover]:from-blue-100 [&amp;:not(:disabled):hover]:to-purple-100 [&amp;:not(:disabled):hover]:text-primary [&amp;:not(:disabled):hover]:border-indigo-600 focus-visible:shadow-focus focus-visible:shadow-blue-600/50 focus-visible:from-blue-100 focus-visible:to-purple-100 focus-visible:text-primary focus-visible:border-indigo-600 h-10 text-base px-4 py-2\\">  <span><div></div></span> </button>"`;

exports[`Button > Variant primary renders > xs 1`] = `"<button type=\\"button\\" class=\\"relative flex w-fit items-center justify-center gap-2 rounded-lg disabled:opacity-50 disabled:cursor-not-allowed border-2 border-box transition-colors transition-shadow focus-visible:outline-none bg-inverse bg-gradient-to-br text-white [&amp;:not(:disabled):hover]:shadow-focus [&amp;:not(:disabled):hover]:shadow-blue-600/50 [&amp;:not(:disabled):hover]:from-blue-100 [&amp;:not(:disabled):hover]:to-purple-100 [&amp;:not(:disabled):hover]:text-primary [&amp;:not(:disabled):hover]:border-indigo-600 focus-visible:shadow-focus focus-visible:shadow-blue-600/50 focus-visible:from-blue-100 focus-visible:to-purple-100 focus-visible:text-primary focus-visible:border-indigo-600 h-8 text-xs px-2 py-1\\">   </button>"`;

exports[`Button > Variant secondary renders > count 1`] = `"<button type=\\"button\\" class=\\"relative flex w-fit items-center justify-center gap-2 rounded-lg disabled:opacity-50 disabled:cursor-not-allowed border-2 border-box transition-colors transition-shadow focus-visible:outline-none surface-primary text-primary [&amp;:not(:disabled):hover]:shadow-focus [&amp;:not(:disabled):hover]:shadow-blue-600/50 [&amp;:not(:disabled):hover]:bg-inverse [&amp;:not(:disabled):hover]:text-white [&amp;:not(:disabled):hover]:border-white focus-visible:shadow-focus focus-visible:shadow-blue-600/50 focus-visible:bg-inverse focus-visible:text-white focus-visible:border-white h-10 text-base px-4 py-2\\">   <div class=\\"count flex w-fit flex-row items-center justify-center break-all rounded-sm p-1 text-sm font-medium leading-4 transition-colors badge absolute right-0 top-0 origin-bottom-left translate-x-[10px] translate-y-[-10px] svelte-1pjaan9\\">10</div></button>"`;

exports[`Button > Variant secondary renders > disabled 1`] = `"<button disabled=\\"\\" type=\\"button\\" class=\\"relative flex w-fit items-center justify-center gap-2 rounded-lg disabled:opacity-50 disabled:cursor-not-allowed border-2 border-box transition-colors transition-shadow focus-visible:outline-none surface-primary text-primary [&amp;:not(:disabled):hover]:shadow-focus [&amp;:not(:disabled):hover]:shadow-blue-600/50 [&amp;:not(:disabled):hover]:bg-inverse [&amp;:not(:disabled):hover]:text-white [&amp;:not(:disabled):hover]:border-white focus-visible:shadow-focus focus-visible:shadow-blue-600/50 focus-visible:bg-inverse focus-visible:text-white focus-visible:border-white h-10 text-base px-4 py-2\\">   </button>"`;

exports[`Button > Variant secondary renders > leading icon 1`] = `"<button type=\\"button\\" class=\\"relative flex w-fit items-center justify-center gap-2 rounded-lg disabled:opacity-50 disabled:cursor-not-allowed border-2 border-box transition-colors transition-shadow focus-visible:outline-none surface-primary text-primary [&amp;:not(:disabled):hover]:shadow-focus [&amp;:not(:disabled):hover]:shadow-blue-600/50 [&amp;:not(:disabled):hover]:bg-inverse [&amp;:not(:disabled):hover]:text-white [&amp;:not(:disabled):hover]:border-white focus-visible:shadow-focus focus-visible:shadow-blue-600/50 focus-visible:bg-inverse focus-visible:text-white focus-visible:border-white h-10 text-base px-4 py-2\\"><span><div></div></span>   </button>"`;

exports[`Button > Variant secondary renders > lg 1`] = `"<button type=\\"button\\" class=\\"relative flex w-fit items-center justify-center gap-2 rounded-lg disabled:opacity-50 disabled:cursor-not-allowed border-2 border-box transition-colors transition-shadow focus-visible:outline-none surface-primary text-primary [&amp;:not(:disabled):hover]:shadow-focus [&amp;:not(:disabled):hover]:shadow-blue-600/50 [&amp;:not(:disabled):hover]:bg-inverse [&amp;:not(:disabled):hover]:text-white [&amp;:not(:disabled):hover]:border-white focus-visible:shadow-focus focus-visible:shadow-blue-600/50 focus-visible:bg-inverse focus-visible:text-white focus-visible:border-white h-11 text-lg px-5 py-2.5\\">   </button>"`;

exports[`Button > Variant secondary renders > loading 1`] = `"<button type=\\"button\\" class=\\"relative flex w-fit items-center justify-center gap-2 rounded-lg disabled:opacity-50 disabled:cursor-not-allowed border-2 border-box transition-colors transition-shadow focus-visible:outline-none surface-primary text-primary [&amp;:not(:disabled):hover]:shadow-focus [&amp;:not(:disabled):hover]:shadow-blue-600/50 [&amp;:not(:disabled):hover]:bg-inverse [&amp;:not(:disabled):hover]:text-white [&amp;:not(:disabled):hover]:border-white focus-visible:shadow-focus focus-visible:shadow-blue-600/50 focus-visible:bg-inverse focus-visible:text-white focus-visible:border-white h-10 text-base px-4 py-2\\"><span class=\\"animate-spin\\"><div></div></span>   </button>"`;

exports[`Button > Variant secondary renders > md 1`] = `"<button type=\\"button\\" class=\\"relative flex w-fit items-center justify-center gap-2 rounded-lg disabled:opacity-50 disabled:cursor-not-allowed border-2 border-box transition-colors transition-shadow focus-visible:outline-none surface-primary text-primary [&amp;:not(:disabled):hover]:shadow-focus [&amp;:not(:disabled):hover]:shadow-blue-600/50 [&amp;:not(:disabled):hover]:bg-inverse [&amp;:not(:disabled):hover]:text-white [&amp;:not(:disabled):hover]:border-white focus-visible:shadow-focus focus-visible:shadow-blue-600/50 focus-visible:bg-inverse focus-visible:text-white focus-visible:border-white h-10 text-base px-4 py-2\\">   </button>"`;

exports[`Button > Variant secondary renders > sm 1`] = `"<button type=\\"button\\" class=\\"relative flex w-fit items-center justify-center gap-2 rounded-lg disabled:opacity-50 disabled:cursor-not-allowed border-2 border-box transition-colors transition-shadow focus-visible:outline-none surface-primary text-primary [&amp;:not(:disabled):hover]:shadow-focus [&amp;:not(:disabled):hover]:shadow-blue-600/50 [&amp;:not(:disabled):hover]:bg-inverse [&amp;:not(:disabled):hover]:text-white [&amp;:not(:disabled):hover]:border-white focus-visible:shadow-focus focus-visible:shadow-blue-600/50 focus-visible:bg-inverse focus-visible:text-white focus-visible:border-white h-9 text-sm px-4 py-1.5\\">   </button>"`;

exports[`Button > Variant secondary renders > trailing icon 1`] = `"<button type=\\"button\\" class=\\"relative flex w-fit items-center justify-center gap-2 rounded-lg disabled:opacity-50 disabled:cursor-not-allowed border-2 border-box transition-colors transition-shadow focus-visible:outline-none surface-primary text-primary [&amp;:not(:disabled):hover]:shadow-focus [&amp;:not(:disabled):hover]:shadow-blue-600/50 [&amp;:not(:disabled):hover]:bg-inverse [&amp;:not(:disabled):hover]:text-white [&amp;:not(:disabled):hover]:border-white focus-visible:shadow-focus focus-visible:shadow-blue-600/50 focus-visible:bg-inverse focus-visible:text-white focus-visible:border-white h-10 text-base px-4 py-2\\">  <span><div></div></span> </button>"`;

exports[`Button > Variant secondary renders > xs 1`] = `"<button type=\\"button\\" class=\\"relative flex w-fit items-center justify-center gap-2 rounded-lg disabled:opacity-50 disabled:cursor-not-allowed border-2 border-box transition-colors transition-shadow focus-visible:outline-none surface-primary text-primary [&amp;:not(:disabled):hover]:shadow-focus [&amp;:not(:disabled):hover]:shadow-blue-600/50 [&amp;:not(:disabled):hover]:bg-inverse [&amp;:not(:disabled):hover]:text-white [&amp;:not(:disabled):hover]:border-white focus-visible:shadow-focus focus-visible:shadow-blue-600/50 focus-visible:bg-inverse focus-visible:text-white focus-visible:border-white h-8 text-xs px-2 py-1\\">   </button>"`;
